x=0.40 z=0.88 -> None
x=0.52 z=0.88 -> ['forearm']
x=0.64 z=0.88 -> None
x=0.76 z=0.88 -> None
x=0.88 z=0.88 -> None
x=1.00 z=0.88 -> None
x=1.12 z=0.88 -> ['forearm']
x=1.24 z=0.88 -> ['elbow']
x=1.36 z=0.88 -> ['forearm', 'palm']
x=0.40 z=0.95 -> None
x=0.52 z=0.95 -> None
x=0.64 z=0.95 -> ['elbow', 'forearm', 'palm']
x=0.76 z=0.95 -> ['elbow', 'forearm']
x=0.88 z=0.95 -> ['elbow', 'forearm']
x=1.00 z=0.95 -> ['elbow', 'forearm']
x=1.12 z=0.95 -> ['elbow', 'forearm']
x=1.24 z=0.95 -> ['elbow', 'forearm']
x=1.36 z=0.95 -> ['elbow', 'forearm']
x=0.40 z=1.02 -> ['elbow', 'palm']
x=0.52 z=1.02 -> ['elbow', 'forearm']
x=0.64 z=1.02 -> ['forearm']
x=0.76 z=1.02 -> ['elbow', 'forearm']
x=0.88 z=1.02 -> ['elbow', 'forearm']
x=1.00 z=1.02 -> ['elbow', 'forearm']
x=1.12 z=1.02 -> ['elbow', 'forearm']
x=1.24 z=1.02 -> ['elbow', 'forearm']
x=1.36 z=1.02 -> ['elbow', 'forearm']
x=0.40 z=1.09 -> ['forearm']
x=0.52 z=1.09 -> ['elbow', 'forearm']
x=0.64 z=1.09 -> ['elbow', 'forearm']
x=0.76 z=1.09 -> ['elbow', 'forearm']
x=0.88 z=1.09 -> ['elbow', 'forearm']
x=1.00 z=1.09 -> ['elbow', 'forearm']
x=1.12 z=1.09 -> ['elbow', 'forearm']
x=1.24 z=1.09 -> ['elbow', 'forearm']
x=1.36 z=1.09 -> ['elbow', 'forearm']
x=0.40 z=1.16 -> ['forearm']
x=0.52 z=1.16 -> ['elbow', 'forearm', 'palm']
x=0.64 z=1.16 -> ['elbow', 'forearm', 'palm']
x=0.76 z=1.16 -> ['elbow', 'forearm']
x=0.88 z=1.16 -> ['elbow', 'forearm']
x=1.00 z=1.16 -> ['elbow', 'forearm']
x=1.12 z=1.16 -> ['elbow', 'forearm']
x=1.24 z=1.16 -> ['elbow', 'forearm']
x=1.36 z=1.16 -> ['elbow', 'forearm']
wrote sweep.json 45 targets
