x=0.40 z=0.88 -> ['elbow', 'forearm', 'hip']
x=0.52 z=0.88 -> ['palm']
x=0.64 z=0.88 -> ['elbow', 'forearm', 'hip']
x=0.76 z=0.88 -> ['elbow', 'forearm', 'hip', 'torso']
x=0.88 z=0.88 -> ['elbow', 'forearm', 'hip', 'torso']
x=1.00 z=0.88 -> ['elbow', 'forearm', 'hip']
x=1.12 z=0.88 -> ['elbow', 'forearm', 'hip']
x=1.24 z=0.88 -> ['elbow', 'forearm', 'torso']
x=1.36 z=0.88 -> ['elbow', 'forearm', 'hip']
x=0.40 z=0.95 -> ['elbow', 'forearm', 'hip']
x=0.52 z=0.95 -> ['palm']
x=0.64 z=0.95 -> ['elbow', 'forearm', 'hip', 'torso']
x=0.76 z=0.95 -> ['elbow', 'forearm', 'torso']
x=0.88 z=0.95 -> ['elbow', 'forearm', 'hip', 'torso']
x=1.00 z=0.95 -> ['elbow', 'forearm', 'hip', 'torso']
x=1.12 z=0.95 -> ['elbow', 'forearm', 'hip']
x=1.24 z=0.95 -> ['elbow', 'forearm', 'hip']
x=1.36 z=0.95 -> ['hip', 'torso']
x=0.40 z=1.02 -> ['elbow', 'forearm', 'hip']
x=0.52 z=1.02 -> ['palm']
x=0.64 z=1.02 -> ['elbow', 'forearm', 'hip', 'torso']
x=0.76 z=1.02 -> ['elbow', 'forearm', 'hip', 'torso']
x=0.88 z=1.02 -> ['elbow', 'forearm', 'hip', 'torso']
x=1.00 z=1.02 -> ['elbow', 'forearm', 'hip']
x=1.12 z=1.02 -> ['elbow', 'forearm', 'hip']
x=1.24 z=1.02 -> ['elbow', 'forearm', 'hip']
x=1.36 z=1.02 -> ['elbow', 'forearm', 'hip']
x=0.40 z=1.09 -> ['elbow', 'forearm', 'palm', 'hip', 'torso']
x=0.52 z=1.09 -> ['elbow', 'forearm', 'hip', 'torso']
x=0.64 z=1.09 -> ['elbow', 'forearm', 'hip', 'torso']
x=0.76 z=1.09 -> ['elbow', 'forearm', 'hip', 'torso']
x=0.88 z=1.09 -> ['elbow', 'forearm', 'hip', 'torso']
x=1.00 z=1.09 -> ['elbow', 'forearm', 'hip']
x=1.12 z=1.09 -> ['elbow', 'forearm', 'hip']
x=1.24 z=1.09 -> ['elbow', 'forearm', 'hip']
x=1.36 z=1.09 -> ['elbow', 'forearm', 'hip']
x=0.40 z=1.16 -> ['elbow', 'forearm', 'hip', 'torso']
x=0.52 z=1.16 -> ['elbow', 'forearm', 'hip', 'torso']
x=0.64 z=1.16 -> ['palm']
x=0.76 z=1.16 -> ['elbow', 'forearm', 'hip', 'torso']
x=0.88 z=1.16 -> ['elbow', 'forearm', 'hip', 'torso']
x=1.00 z=1.16 -> ['elbow', 'forearm', 'hip']
x=1.12 z=1.16 -> ['elbow', 'hip', 'torso']
x=1.24 z=1.16 -> ['elbow', 'forearm', 'hip']
x=1.36 z=1.16 -> ['elbow', 'forearm', 'palm', 'torso']
wrote sweep5_full_cl.json 45 targets
