target [1.1, -0.2348, 1.0982]  basis=clamp  site_set=v2  stance dy=0.000

== palm   (mu -> inf: margin 0.3869 m, push 337 N, peak 0.479)
      mu  u_max    peak   margin    push  d(marg)  binding
    0.20  0.545   0.685   0.0813      65   0.3056  mixed
    0.30  0.548   0.655   0.0891      72   0.2977  mixed
    0.40  0.552   0.632   0.0976      79   0.2893  mixed
    0.50  0.560   0.609   0.1057      87   0.2812  mixed
    0.60  0.568   0.586   0.1133      95   0.2736  mixed
    0.70  0.577   0.563   0.1217     104   0.2652  mixed
    0.80  0.587   0.539   0.1294     111   0.2575  mixed
    0.90  0.597   0.516   0.1373     118   0.2496  mixed
    1.00  0.607   0.493   0.1454     125   0.2415  mixed
    1.20  0.630   0.479   0.1620     139   0.2249  mixed
    1.50  0.668   0.479   0.1884     162   0.1984  mixed
    2.00  0.635   0.479   0.2223     180   0.1645  mixed
    3.00  0.423   0.479   0.2589     209   0.1280  mixed
    5.00  0.254   0.479   0.3108     251   0.0761  mixed
   mu*      = None  (more friction buys < 5 mm of margin)
   mu*_slip = 0.2  (no contact on its cone)

== elbow+forearm   (mu -> inf: margin 0.4309 m, push 430 N, peak 0.478)
      mu  u_max    peak   margin    push  d(marg)  binding
    0.20  0.807   0.478   0.1582      95   0.2727  mixed
    0.30  0.757   0.478   0.1647     143   0.2662  mixed
    0.40  0.702   0.478   0.1765     151   0.2544  mixed
    0.50  0.561   0.478   0.1863     151   0.2446  mixed
    0.60  0.468   0.478   0.1863     151   0.2446  mixed
    0.70  0.401   0.478   0.1863     151   0.2446  mixed
    0.80  0.351   0.478   0.1976     161   0.2333  mixed
    0.90  0.312   0.478   0.2094     170   0.2215  mixed
    1.00  0.281   0.478   0.2203     179   0.2106  mixed
    1.20  0.234   0.478   0.2394     194   0.1915  mixed
    1.50  0.187   0.478   0.2625     213   0.1684  mixed
    2.00  0.140   0.478   0.2912     236   0.1397  mixed
    3.00  0.094   0.478   0.3284     266   0.1025  mixed
    5.00  0.056   0.478   0.3506     297   0.0803  mixed
   mu*      = None  (more friction buys < 5 mm of margin)
   mu*_slip = 0.2  (no contact on its cone)

== elbow+forearm+palm   (mu -> inf: margin 0.4352 m, push 433 N, peak 0.481)
      mu  u_max    peak   margin    push  d(marg)  binding
    0.20  0.995   0.481   0.1471      95   0.2881  friction
    0.30  0.985   0.481   0.1639     143   0.2713  mixed
    0.40  0.996   0.481   0.1782     149   0.2570  friction
    0.50  0.938   0.481   0.1837     149   0.2515  mixed
    0.60  0.996   0.481   0.1837     149   0.2515  friction
    0.70  0.961   0.481   0.1837     149   0.2515  mixed
    0.80  0.872   0.481   0.1960     159   0.2392  mixed
    0.90  0.775   0.481   0.2071     168   0.2280  mixed
    1.00  0.697   0.481   0.2174     176   0.2177  mixed
    1.20  0.581   0.481   0.2354     191   0.1997  mixed
    1.50  0.465   0.481   0.2572     208   0.1780  mixed
    2.00  0.349   0.481   0.2843     230   0.1509  mixed
    3.00  0.232   0.481   0.3193     258   0.1159  mixed
    5.00  0.139   0.481   0.3360     289   0.0991  mixed
   mu*      = None  (more friction buys < 5 mm of margin)
   mu*_slip = 0.3  (no contact on its cone)

== elbow+forearm+hip   (mu -> inf: margin 0.4684 m, push 600 N, peak 0.427)
      mu  u_max    peak   margin    push  d(marg)  binding
    0.20  0.965   0.467   0.0455      95   0.4229  mixed
    0.30  0.926   0.396   0.0962     143   0.3722  mixed
    0.40  0.863   0.426   0.1424     191   0.3260  mixed
    0.50  0.807   0.426   0.1992     212   0.2692  mixed
    0.60  0.769   0.427   0.2578     226   0.2106  mixed
    0.70  0.659   0.427   0.3128     236   0.1556  mixed
    0.80  0.577   0.427   0.3259     244   0.1425  mixed
    0.90  0.512   0.427   0.3345     251   0.1340  mixed
    1.00  0.461   0.427   0.3418     256   0.1267  mixed
    1.20  0.384   0.427   0.3532     264   0.1152  mixed
    1.50  0.307   0.427   0.3653     272   0.1032  mixed
    2.00  0.231   0.427   0.3777     281   0.0908  mixed
    3.00  0.154   0.427   0.3916     292   0.0768  mixed
    5.00  0.092   0.427   0.4050     302   0.0634  mixed
   mu*      = None  (more friction buys < 5 mm of margin)
   mu*_slip = 0.2  (no contact on its cone)

wrote runs/2026-08-04_session11/friction_sweep.json
