hip-pitch sweep  stance_dy=-0.10 heading=0.0 basis=clamp site_set=v2

== legs-only
      hip  reach_x    margin    peak  hip_tau  brace_N  valid
    -0.70    1.466   -0.0573   1.016    0.407        0      -
    -0.80    1.459   -0.0550   0.966    0.403        0      -
    -0.90    1.447   -0.0492   0.982    0.406        0      -
    -1.00    1.428   -0.0388   0.921    0.404        0      -
    -1.10    1.416   -0.0222   0.921    0.459        0      -
    -1.20    1.403   -0.0095   0.941    0.487        0      -
    -1.30    1.386   +0.0051   0.929    0.518        0      y
    -1.40    1.377   +0.0211   0.793    0.538        0      y
    -1.50    1.376   +0.0317   0.712    0.563        0      y
    -1.60    1.272   +0.0222   0.788    0.702        0      y
    -1.70    1.232   +0.0547   0.701    0.701        0      y
    -1.80    1.196   +0.0812   0.698    0.698        0      y
   reach at margin >= 0.00 m : 1.386 m (hip -1.30 rad, margin 0.005)
   reach at margin >= 0.02 m : 1.377 m (hip -1.40 rad, margin 0.021)
   reach at margin >= 0.05 m : 1.232 m (hip -1.70 rad, margin 0.055)
   reach at margin >= 0.10 m : no admissible flexion

== palm
      hip  reach_x    margin    peak  hip_tau  brace_N  valid
    -0.70    1.395   +0.0414   0.983    0.343       55      y
    -0.80    1.397   +0.0412   0.998    0.359       55      y
    -0.90    1.395   +0.0434   0.992    0.385       54      y
    -1.00    1.389   +0.0480   0.961    0.373       52      y
    -1.10    1.379   +0.0553   0.909    0.383       49      y
    -1.20    1.364   +0.0652   0.820    0.394       45      y
    -1.30    1.350   +0.0787   0.685    0.401       40      y
    -1.40    1.345   +0.1046   0.513    0.426       34      y
    -1.50    1.333   +0.1297   0.466    0.466       29      y
    -1.60    1.284   +0.1233   0.559    0.559       20      y
    -1.70    1.241   +0.1141   0.566    0.566       19      y
    -1.80    1.204   +0.0990   0.607    0.607       18      y
   reach at margin >= 0.00 m : 1.397 m (hip -0.80 rad, margin 0.041)
   reach at margin >= 0.02 m : 1.397 m (hip -0.80 rad, margin 0.041)
   reach at margin >= 0.05 m : 1.379 m (hip -1.10 rad, margin 0.055)
   reach at margin >= 0.10 m : 1.345 m (hip -1.40 rad, margin 0.105)

== elbow+forearm
      hip  reach_x    margin    peak  hip_tau  brace_N  valid
    -0.70    1.376   +0.1400   0.670    0.280      126      y
    -0.80    1.382   +0.1412   0.663    0.284      124      y
    -0.90    1.384   +0.1440   0.645    0.288      122      y
    -1.00    1.383   +0.1505   0.617    0.293      120      y
    -1.10    1.376   +0.1551   0.648    0.292      129      y
    -1.20    1.360   +0.1633   0.599    0.289      125      y
    -1.30    1.346   +0.1813   0.473    0.287      109      y
    -1.40    1.340   +0.1875   0.459    0.306      114      y
    -1.50    1.314   +0.1712   0.440    0.356       87      y
    -1.60    1.282   +0.1260   0.482    0.482       72      y
    -1.70    1.241   +0.1149   0.480    0.480       73      y
    -1.80    1.204   +0.0993   0.501    0.488       62      y
   reach at margin >= 0.00 m : 1.384 m (hip -0.90 rad, margin 0.144)
   reach at margin >= 0.02 m : 1.384 m (hip -0.90 rad, margin 0.144)
   reach at margin >= 0.05 m : 1.384 m (hip -0.90 rad, margin 0.144)
   reach at margin >= 0.10 m : 1.384 m (hip -0.90 rad, margin 0.144)

== elbow+forearm+palm
      hip  reach_x    margin    peak  hip_tau  brace_N  valid
    -0.70    1.375   +0.1567   0.683    0.272      127      y
    -0.80    1.382   +0.1587   0.676    0.277      125      y
    -0.90    1.384   +0.1629   0.661    0.281      123      y
    -1.00    1.382   +0.1708   0.631    0.285      121      y
    -1.10    1.375   +0.1799   0.594    0.287      119      y
    -1.20    1.360   +0.1892   0.551    0.283      115      y
    -1.30    1.346   +0.2014   0.488    0.278      112      y
    -1.40    1.340   +0.1876   0.415    0.300      109      y
    -1.50    1.318   +0.1694   0.418    0.356       92      y
    -1.60    1.282   +0.1263   0.481    0.481       76      y
    -1.70    1.241   +0.1151   0.480    0.480       70      y
    -1.80    1.204   +0.0995   0.501    0.487       66      y
   reach at margin >= 0.00 m : 1.384 m (hip -0.90 rad, margin 0.163)
   reach at margin >= 0.02 m : 1.384 m (hip -0.90 rad, margin 0.163)
   reach at margin >= 0.05 m : 1.384 m (hip -0.90 rad, margin 0.163)
   reach at margin >= 0.10 m : 1.384 m (hip -0.90 rad, margin 0.163)

== elbow+forearm+hip
      hip  reach_x    margin    peak  hip_tau  brace_N  valid
    -0.70    1.331   +0.2966   0.517    0.172      193      y
    -0.80    1.341   +0.2235   0.563    0.212      164      y
    -0.90    1.348   +0.2826   0.528    0.199      162      y
    -1.00    1.350   +0.2816   0.533    0.211      169      y
    -1.10    1.349   +0.1602   0.584    0.269      115      y
    -1.20    1.342   +0.2675   0.541    0.246      155      y
    -1.30    1.328   +0.2520   0.545    0.263      146      y
    -1.40    1.307   +0.2346   0.548    0.285      130      y
    -1.50    1.284   +0.2175   0.550    0.294      123      y
    -1.60    1.305   +0.1947   0.555    0.263      139      -
    -1.70    1.233   +0.1491   0.554    0.460       86      y
    -1.80    1.195   +0.1257   0.551    0.434       90      y
   reach at margin >= 0.00 m : 1.350 m (hip -1.00 rad, margin 0.282)
   reach at margin >= 0.02 m : 1.350 m (hip -1.00 rad, margin 0.282)
   reach at margin >= 0.05 m : 1.350 m (hip -1.00 rad, margin 0.282)
   reach at margin >= 0.10 m : 1.350 m (hip -1.00 rad, margin 0.282)

== reach [m] at each CoM-margin threshold ==
   set                        m>=0.00   m>=0.02   m>=0.05   m>=0.10
   legs-only                    1.386     1.377     1.232      --  
   palm                         1.397     1.397     1.379     1.345
   elbow+forearm                1.384     1.384     1.384     1.384
   elbow+forearm+palm           1.384     1.384     1.384     1.384
   elbow+forearm+hip            1.350     1.350     1.350     1.350
wrote runs/2026-08-04_session11/hip_reach.json
